C:/OTHER/programming/diplom/stm/diploma/Libraries/CMSIS/CM3/CoreSupport/core_cm3.h:1502:22:NVIC_EnableIRQ	16	static
C:/OTHER/programming/diplom/stm/diploma/Libraries/CMSIS/CM3/CoreSupport/core_cm3.h:1515:22:NVIC_DisableIRQ	16	static
C:/OTHER/programming/diplom/stm/diploma/Libraries/CMSIS/CM3/CoreSupport/core_cm3.h:1586:22:NVIC_SetPriority	16	static
C:/OTHER/programming/diplom/stm/diploma/Libraries/CMSIS/CM3/CoreSupport/core_cm3.h:1694:26:SysTick_Config	16	static
../platform/port.c:52:5:No_Configuration	4	static
../platform/port.c:57:15:portGetTickCnt	4	static
../platform/port.c:62:5:SysTick_Configuration	8	static
../platform/port.c:74:6:RTC_Configuration	8	static
../platform/port.c:116:5:NVIC_DisableDECAIRQ	16	static
../platform/port.c:131:5:NVIC_Configuration	24	static
../platform/port.c:181:10:EXTI_GetITEnStatus	24	static
../platform/port.c:214:6:port_set_deca_isr	24	static
../platform/port.c:231:5:RCC_Configuration	32	static
../platform/port.c:353:5:USART_Configuration	4	static
../platform/port.c:389:6:SPI_ChangeRate	24	static
../platform/port.c:415:6:spi_set_rate_low	8	static
../platform/port.c:429:6:spi_set_rate_high	8	static
../platform/port.c:434:6:SPI_ConfigFastRate	40	static
../platform/port.c:460:5:SPI_Configuration	32	static
../platform/port.c:518:5:SPI2_Configuration	32	static
../platform/port.c:589:5:GPIO_Configuration	16	static
../platform/port.c:646:6:reset_DW1000	16	static
../platform/port.c:669:6:setup_DW1000RSTnIRQ	32	static
../platform/port.c:722:5:ETH_GPIOConfigure	4	static
../platform/port.c:809:5:is_button_low	24	static
../platform/port.c:820:5:is_switch_on	24	static
../platform/port.c:831:6:led_off	16	static
../platform/port.c:856:6:led_on	16	static
../platform/port.c:982:5:is_IRQ_enabled	4	static
../platform/port.c:997:13:LCD_Configuration	24	static
../platform/port.c:1022:13:spi_peripheral_init	8	static
../platform/port.c:1044:6:peripherals_init	8	static
