C:/OTHER/programming/diplom/stm/diploma/Libraries/CMSIS/CM3/CoreSupport/core_cm3.h:1502:22:NVIC_EnableIRQ	16	static
C:/OTHER/programming/diplom/stm/diploma/Libraries/CMSIS/CM3/CoreSupport/core_cm3.h:1515:22:NVIC_DisableIRQ	16	static
C:/OTHER/programming/diplom/stm/diploma/Libraries/CMSIS/CM3/CoreSupport/core_cm3.h:1586:22:NVIC_SetPriority	16	static
C:/OTHER/programming/diplom/stm/diploma/Libraries/CMSIS/CM3/CoreSupport/core_cm3.h:1694:26:SysTick_Config	16	static
../platform/port.c:52:5:No_Configuration	4	static
../platform/port.c:57:15:portGetTickCnt	4	static
../platform/port.c:62:5:SysTick_Configuration	8	static
../platform/port.c:74:6:RTC_Configuration	8	static
../platform/port.c:116:5:NVIC_DisableDECAIRQ	16	static
../platform/port.c:131:5:NVIC_Configuration	24	static
../platform/port.c:181:10:EXTI_GetITEnStatus	24	static
../platform/port.c:214:6:port_set_deca_isr	24	static
../platform/port.c:231:5:RCC_Configuration	32	static
../platform/port.c:352:5:USART_Configuration	4	static
../platform/port.c:388:6:SPI_ChangeRate	24	static
../platform/port.c:414:6:spi_set_rate_low	8	static
../platform/port.c:428:6:spi_set_rate_high	8	static
../platform/port.c:433:6:SPI_ConfigFastRate	40	static
../platform/port.c:459:5:SPI_Configuration	32	static
../platform/port.c:517:5:SPI2_Configuration	32	static
../platform/port.c:588:5:GPIO_Configuration	16	static
../platform/port.c:645:6:reset_DW1000	16	static
../platform/port.c:668:6:setup_DW1000RSTnIRQ	32	static
../platform/port.c:721:5:ETH_GPIOConfigure	4	static
../platform/port.c:808:5:is_button_low	24	static
../platform/port.c:819:5:is_switch_on	24	static
../platform/port.c:830:6:led_off	16	static
../platform/port.c:855:6:led_on	16	static
../platform/port.c:981:5:is_IRQ_enabled	4	static
../platform/port.c:996:13:LCD_Configuration	24	static
../platform/port.c:1021:13:spi_peripheral_init	8	static
../platform/port.c:1043:6:peripherals_init	8	static
