../decadriver/deca_device.c:101:7:dwt_apiversion	4	static
../decadriver/deca_device.c:118:5:dwt_setlocaldataptr	16	static
../decadriver/deca_device.c:173:5:dwt_initialise	40	static
../decadriver/deca_device.c:342:7:dwt_otprevision	4	static
../decadriver/deca_device.c:359:6:dwt_setfinegraintxseq	16	static
../decadriver/deca_device.c:387:6:dwt_setlnapamode	24	static
../decadriver/deca_device.c:413:6:dwt_enablegpioclocks	16	static
../decadriver/deca_device.c:432:6:dwt_setgpiodirection	24	static
../decadriver/deca_device.c:457:6:dwt_setgpiovalue	24	static
../decadriver/deca_device.c:482:5:dwt_getgpiovalue	16	static
../decadriver/deca_device.c:501:7:dwt_geticrefvolt	4	static
../decadriver/deca_device.c:522:7:dwt_geticreftemp	4	static
../decadriver/deca_device.c:543:8:dwt_getpartid	4	static
../decadriver/deca_device.c:565:8:dwt_getlotid	4	static
../decadriver/deca_device.c:585:8:dwt_readdevid	8	static
../decadriver/deca_device.c:604:6:dwt_configuretxrf	16	static
../decadriver/deca_device.c:630:6:dwt_configurefor64plen	16	static
../decadriver/deca_device.c:660:6:dwt_configure	32	static
../decadriver/deca_device.c:799:6:dwt_setrxantennadelay	16	static
../decadriver/deca_device.c:818:6:dwt_settxantennadelay	16	static
../decadriver/deca_device.c:844:5:dwt_writetxdata	16	static
../decadriver/deca_device.c:881:6:dwt_writetxfctrl	24	static
../decadriver/deca_device.c:911:6:dwt_readrxdata	16	static
../decadriver/deca_device.c:933:6:dwt_readaccdata	16	static
../decadriver/deca_device.c:960:7:dwt_readcarrierintegrator	24	static
../decadriver/deca_device.c:993:6:dwt_readdiagnostics	16	static
../decadriver/deca_device.c:1021:6:dwt_readtxtimestamp	16	static
../decadriver/deca_device.c:1037:8:dwt_readtxtimestamphi32	8	static
../decadriver/deca_device.c:1053:8:dwt_readtxtimestamplo32	8	static
../decadriver/deca_device.c:1070:6:dwt_readrxtimestamp	16	static
../decadriver/deca_device.c:1086:8:dwt_readrxtimestamphi32	8	static
../decadriver/deca_device.c:1102:8:dwt_readrxtimestamplo32	8	static
../decadriver/deca_device.c:1118:8:dwt_readsystimestamphi32	8	static
../decadriver/deca_device.c:1136:6:dwt_readsystime	16	static
../decadriver/deca_device.c:1164:6:dwt_writetodevice	32	static
../decadriver/deca_device.c:1228:6:dwt_readfromdevice	32	static
../decadriver/deca_device.c:1284:8:dwt_read32bitoffsetreg	32	static
../decadriver/deca_device.c:1313:8:dwt_read16bitoffsetreg	24	static
../decadriver/deca_device.c:1338:7:dwt_read8bitoffsetreg	24	static
../decadriver/deca_device.c:1361:6:dwt_write8bitoffsetreg	24	static
../decadriver/deca_device.c:1380:6:dwt_write16bitoffsetreg	32	static
../decadriver/deca_device.c:1404:6:dwt_write32bitoffsetreg	32	static
../decadriver/deca_device.c:1438:6:dwt_enableframefilter	24	static
../decadriver/deca_device.c:1469:6:dwt_setpanid	16	static
../decadriver/deca_device.c:1487:6:dwt_setaddress16	16	static
../decadriver/deca_device.c:1505:6:dwt_seteui	16	static
../decadriver/deca_device.c:1522:6:dwt_geteui	16	static
../decadriver/deca_device.c:1541:6:dwt_otpread	32	static
../decadriver/deca_device.c:1569:8:_dwt_otpread	24	static
../decadriver/deca_device.c:1607:8:_dwt_otpsetmrregs	32	static
../decadriver/deca_device.c:1748:8:_dwt_otpprogword32	24	static
../decadriver/deca_device.c:1801:5:dwt_otpwriteandverify	24	static
../decadriver/deca_device.c:1856:6:_dwt_aonconfigupload	8	static
../decadriver/deca_device.c:1874:6:_dwt_aonarrayupload	8	static
../decadriver/deca_device.c:1892:6:dwt_entersleep	8	static
../decadriver/deca_device.c:1912:6:dwt_configuresleepcnt	16	static
../decadriver/deca_device.c:1950:8:dwt_calibratesleepcnt	16	static
../decadriver/deca_device.c:2037:6:dwt_configuresleep	16	static
../decadriver/deca_device.c:2062:6:dwt_entersleepaftertx	24	static
../decadriver/deca_device.c:2101:5:dwt_spicswakeup	16	static
../decadriver/deca_device.c:2137:6:_dwt_configlde	16	static
../decadriver/deca_device.c:2163:6:_dwt_loaducodefromrom	8	static
../decadriver/deca_device.c:2192:6:dwt_loadopsettabfromotp	24	static
../decadriver/deca_device.c:2218:6:dwt_setsmarttxpower	24	static
../decadriver/deca_device.c:2251:6:dwt_enableautoack	16	static
../decadriver/deca_device.c:2272:6:dwt_setdblrxbuffmode	16	static
../decadriver/deca_device.c:2302:6:dwt_setrxaftertxdelay	24	static
../decadriver/deca_device.c:2331:6:dwt_setcallbacks	24	static
../decadriver/deca_device.c:2350:7:dwt_checkirq	8	static
../decadriver/deca_device.c:2379:6:dwt_isr	32	static
../decadriver/deca_device.c:2516:6:dwt_lowpowerlistenisr	32	static
../decadriver/deca_device.c:2586:6:dwt_setleds	24	static
../decadriver/deca_device.c:2639:6:_dwt_enableclocks	24	static
../decadriver/deca_device.c:2719:6:_dwt_disablesequencing	8	static
../decadriver/deca_device.c:2739:6:dwt_setdelayedtrxtime	16	static
../decadriver/deca_device.c:2761:5:dwt_starttx	24	static
../decadriver/deca_device.c:2813:6:dwt_forcetrxoff	16	static
../decadriver/deca_device.c:2855:6:dwt_syncrxbufptrs	16	static
../decadriver/deca_device.c:2887:6:dwt_setsniffmode	24	static
../decadriver/deca_device.c:2939:6:dwt_setlowpowerlistening	24	static
../decadriver/deca_device.c:2969:6:dwt_setsnoozetime	16	static
../decadriver/deca_device.c:2993:5:dwt_rxenable	24	static
../decadriver/deca_device.c:3044:6:dwt_setrxtimeout	24	static
../decadriver/deca_device.c:3086:6:dwt_setpreambledetecttimeout	16	static
../decadriver/deca_device.c:3116:6:dwt_setinterrupt	24	static
../decadriver/deca_device.c:3156:6:dwt_configeventcounters	16	static
../decadriver/deca_device.c:3179:6:dwt_readeventcounters	24	static
../decadriver/deca_device.c:3220:6:dwt_rxreset	8	static
../decadriver/deca_device.c:3240:6:dwt_softreset	8	static
../decadriver/deca_device.c:3276:6:dwt_setxtaltrim	24	static
../decadriver/deca_device.c:3295:7:dwt_getxtaltrim	8	static
../decadriver/deca_device.c:3312:6:dwt_configcwmode	16	static
../decadriver/deca_device.c:3364:6:dwt_configcontinuousframemode	16	static
../decadriver/deca_device.c:3413:8:dwt_readtempvbat	24	static
../decadriver/deca_device.c:3479:7:dwt_convertrawtemperature	24	static
../decadriver/deca_device.c:3505:7:dwt_convertdegtemptoraw	24	static
../decadriver/deca_device.c:3540:7:dwt_convertrawvoltage	24	static
../decadriver/deca_device.c:3567:7:dwt_convertvoltstoraw	32	static
../decadriver/deca_device.c:3592:7:dwt_readwakeuptemp	8	static
../decadriver/deca_device.c:3610:7:dwt_readwakeupvbat	8	static
../decadriver/deca_device.c:3631:8:dwt_calcbandwidthtempadj	48	static
../decadriver/deca_device.c:3732:8:_dwt_computetxpowersetting	32	static
../decadriver/deca_device.c:3805:9:dwt_calcpowertempadj	32	static
../decadriver/deca_device.c:3857:8:dwt_calcpgcount	40	static
